C_ADD_FRIEND = 60379
C_ADD_TELEPORT_TO_POS_LIST = 20961
C_ADMIN = 51823
C_APPLY_PARTY = 31058
C_ASK_INTERACTIVE = 50419
C_BAN_PARTY_MEMBER = 31966
C_BIND_ITEM_BEGIN_PROGRESS = 27637
C_BIND_ITEM_EXECUTE = 64076
C_BLOCK_USER = 56902
C_CANCEL_CHANGE_USER_APPEARANCE = 56662
C_CANCEL_CONTRACT = 65280
C_CANCEL_SKILL = 33595
C_CAN_LOCKON_TARGET = 31258
C_CHANGE_PARTY_MANAGER = 43047
C_CHANGE_PARTY_MEMBER_AUTHORITY = 56145
C_CHAT = 38130
C_CHECK_VERSION = 19900
C_COMMIT_CHANGE_USER_APPEARANCE = 46260
C_COMPLETE_DAILY_EVENT = 38709
C_COMPLETE_EXTRA_EVENT = 56293
C_CONFIRM_UPDATE_NOTIFICATION = 35172
C_CREST_APPLY = 27046
C_CREST_APPLY_LIST = 44538
C_DELETE_FRIEND = 44631
C_DELETE_PARCEL = 54971
C_DELETE_TELEPORT_TO_POS_LIST = 47455
C_DEL_ITEM = 57234
C_DIALOG = 28283
C_DISMISS_PARTY = 24526
C_EDIT_BLOCKED_USER_MEMO = 23961
C_END_CLIMBING = 36867
C_END_MOVIE = 34873
C_GACHA_TRY = 41572
C_GET_IN_SHUTTLE = 36899
C_GET_OUT_SHUTTLE = 38827
C_GET_USER_LIST = 56458
C_HIT_USER_PROJECTILE = 44838
C_INVITE_USER_TO_GUILD = 49120
C_ITEM_COLORING_SET_COLOR = 20911
C_LEAVE_PARTY = 41879
C_LEAVE_PRIVATE_CHANNEL = 47901
C_LIST_PARCEL = 60130
C_LOAD_TOPO_FIN = 27786
C_LOGIN_ARBITER = 22197
C_MERGE_ITEM = 56758
C_NOTIFY_LOCATION_IN_ACTION = 24783
C_NOTIFY_LOCATION_IN_DASH = 24195
C_NOTIMELINE_SKILL = 26487
C_NPC_CONTACT = 49618
C_OP_COMMAND = 42335
C_PARTY_APPLICATION_DENIED = 22294
C_PARTY_MARKER = 59975
C_PARTY_MATCH_WINDOW_CLOSED = 22546
C_PCBANGINVENTORY_USE_SLOT = 32045
C_PLAYER_FLYING_LOCATION = 41907
C_PLAYER_LOCATION = 24248
C_PREMIUM_SLOT_USE_SLOT = 21806
C_PRESS_SKILL = 25437
C_RECV_PARCEL = 34399
C_REGISTER_ENCHANT_ITEM = 44690
C_REGISTER_EVOLUTION_ITEM = 36799
C_REGISTER_PARTY_INFO = 60331
C_REMOVE_BLOCKED_USER = 47913
C_REPLY_THROUGH_ARBITER_CONTRACT = 31485
C_REQUEST_CANDIDATE_LIST = 47303
C_REQUEST_CONTRACT = 44086
C_REQUEST_ENCHANT = 45851
C_REQUEST_EVOLUTION = 57988
C_REQUEST_GAMESTAT_PING = 28205
C_REQUEST_NONDB_ITEM_INFO = 63897
C_REQUEST_PARTY_INFO = 48284
C_REQUEST_PARTY_MATCH_INFO = 63143
C_REQUEST_PARTY_MATCH_INFO_PAGE = 49848
C_REQUEST_PARTY_MATCH_LINK = 43274
C_REQUEST_PRIVATE_CHANNEL_INFO = 54495
C_REQUEST_USER_PAPERDOLL_INFO = 37260
C_RESET_ALL_DUNGEON = 37359
C_RETURN_TO_LOBBY = 50939
C_REVIVE_NOW = 59063
C_SAVE_CLIENT_ACCOUNT_SETTING = 23125
C_SAVE_CLIENT_USER_SETTING = 57721
C_SECOND_PASSWORD_AUTH = 46903
C_SELECT_USER = 39061
C_SET_VISIBLE_RANGE = 64785
C_SHOW_INVEN = 63814
C_SHOW_ITEM_TOOLTIP_EX = 23113
C_SHOW_PARCEL_MESSAGE = 53958
C_SOCIAL = 48925
C_START_COMBO_INSTANT_SKILL = 65201
C_START_ENCHANT = 48563
C_START_EVOLUTION = 31245
C_START_INSTANCE_SKILL = 36820
C_START_INSTANCE_SKILL_EX = 21395
C_START_PRODUCE = 49078
C_START_SKILL = 49622
C_START_TARGETED_SKILL = 40194
C_TELEPORT_TO_POS = 51268
C_TELEPORT_TO_VILLAGE = 27315
C_TRADE_BROKER_BUY_IT_NOW = 24727
C_TRADE_BROKER_DEAL_CONFIRM = 23385
C_TRADE_BROKER_REJECT_SUGGEST = 60319
C_TRADE_BROKER_SUGGEST_DEAL = 29967
C_TRADE_BROKER_WAITING_ITEM_LIST_NEW = 48761
C_TRADE_BROKER_WAITING_ITEM_LIST_PAGE = 45973
C_TRY_LOOT_DROPITEM = 33637
C_UNMOUNT_VEHICLE = 42230
C_UNREGISTER_ENCHANT_ITEM = 21120
C_UNREGISTER_EVOLUTION_ITEM = 42324
C_UNREGISTER_PARTY_INFO = 37440
C_UPDATE_REACTION_POS = 27974
C_USE_ITEM = 33138
C_VIEW_WARE = 40661
C_VISIT_NEW_SECTION = 51483
C_WHISPER = 22066
S_ABNORMALITY_BEGIN = 39074
S_ABNORMALITY_DAMAGE_ABSORB = 44305
S_ABNORMALITY_END = 42774
S_ABNORMALITY_FAIL = 28740
S_ABNORMALITY_REFRESH = 33482
S_ACCEPT_CONTRACT = 58858
S_ACCOMPLISH_ACHIEVEMENT = 59064
S_ACCOUNT_PACKAGE_LIST = 59513
S_ACTION_END = 64207
S_ACTION_STAGE = 41167
S_ADD_BLOCKED_USER = 29048
S_ADD_INTER_PARTY_MATCH_POOL = 36864
S_ADMIN_HOLD_CHARACTER = 60987
S_AERO = 63054
S_AIR_REACTION_END = 52985
S_ANNOUNCE_UPDATE_NOTIFICATION = 59213
S_ANSWER_INTERACTIVE = 21364
S_APPLY_TITLE = 30564
S_AVAILABLE_EVENT_MATCHING_LIST = 57267
S_AVAILABLE_SOCIAL_LIST = 58391
S_BAN_PARTY = 34514
S_BAN_PARTY_MEMBER = 58794
S_BATTLE_FIELD_ENTRANCE_INFO = 34717
S_BATTLE_FIELD_POINT_STORE_SELL_LIST = 51873
S_BEGIN_THROUGH_ARBITER_CONTRACT = 41469
S_BOSS_GAGE_INFO = 25773
S_CANCEL_CONTRACT = 47393
S_CANNOT_START_SKILL = 29830
S_CAN_LOCKON_TARGET = 44447
S_CHANGE_DESTPOS_PROJECTILE = 25976
S_CHANGE_EP_EXP_DAILY_LIMIT = 47709
S_CHANGE_EP_POINT = 43604
S_CHANGE_EVENT_MATCHING_STATE = 57474
S_CHANGE_GUILD_CHIEF = 59892
S_CHANGE_PARTY_MANAGER = 53634
S_CHANGE_VOICE_USE_QAC = 61923
S_CHAT = 65393
S_CHECK_TO_READY_PARTY = 24256
S_CHECK_TO_READY_PARTY_FIN = 22171
S_CHECK_VERSION = 19901
S_CLEAR_ALL_HOLDED_ABNORMALITY = 46814
S_COLLECTION_PICKEND = 21416
S_COLLECTION_PICKSTART = 53218
S_COMPLETE_EVENT_MATCHING_QUEST = 45806
S_CONNECT_SKILL_ARROW = 36084
S_CREATURE_CHANGE_HP = 20856
S_CREATURE_LIFE = 22086
S_CREATURE_ROTATE = 50237
S_CREST_APPLY = 50315
S_CREST_INFO = 64087
S_CREST_MESSAGE = 63519
S_CURRENT_CHANNEL = 58565
S_DEAD_LOCATION = 43795
S_DECREASE_COOLTIME_SKILL = 46792
S_DEFEND_SUCCESS = 21872
S_DESPAWN_BONFIRE = 46181
S_DESPAWN_BUILD_OBJECT = 28879
S_DESPAWN_COLLECTION = 62692
S_DESPAWN_DROPITEM = 35899
S_DESPAWN_NPC = 47110
S_DESPAWN_PROJECTILE = 31184
S_DESPAWN_SHUTTLE = 53314
S_DESPAWN_USER = 20070
S_DESTROY_GUILD_TOWER = 50229
S_DIALOG = 43503
S_DUNGEON_CAMERA_SET = 33663
S_DUNGEON_CLEAR_COUNT_LIST = 44740
S_DUNGEON_COOL_TIME_LIST = 57414
S_DUNGEON_EVENT_MESSAGE = 52006
S_EACH_SKILL_RESULT = 33450
S_ENABLE_DISABLE_SELLABLE_ITEM_LIST = 22070
S_END_CHANGE_USER_APPEARANCE = 27986
S_END_PRODUCE = 51475
S_END_USER_PROJECTILE = 49911
S_EP_SYSTEM_DAILY_EVENT_EXP_ON_OFF = 45900
S_EXIT = 38926
S_F2P_PremiumUser_Permission = 61643
S_FEARMOVE_END = 49945
S_FEARMOVE_STAGE = 62069
S_FIELD_EVENT_ON_ENTER = 39135
S_FIELD_EVENT_ON_LEAVE = 52356
S_FIELD_POINT_INFO = 60629
S_FIN_INTER_PARTY_MATCH = 59957
S_FONT_SWAP_INFO = 60001
S_FRIEND_LIST = 42870
S_GACHA_END = 21040
S_GACHA_START = 58286
S_GET_IN_SHUTTLE = 26210
S_GET_OUT_SHUTTLE = 50561
S_GET_USER_GUILD_LOGO = 53290
S_GET_USER_LIST = 28305
S_GMEVENT_GUIDE_MESSAGE = 31122
S_GMEVENT_OX_QUIZ_OPEN = 42397
S_GMEVENT_OX_QUIZ_RESULT = 43477
S_GMEVENT_RECV_REWARD = 43768
S_GRANT_SKILL = 34092
S_GROUP_NPC_LOCATION = 50574
S_GUILD_MEMBER_LIST = 25889
S_GUILD_NAME = 44098
S_GUILD_STORE_SELL_LIST = 26830
S_GUILD_TOWER_INFO = 56712
S_HOLD_ABNORMALITY_ADD = 48827
S_IMAGE_DATA = 21270
S_INSTANT_DASH = 54110
S_INSTANT_MOVE = 55728
S_INVEN = 35881
S_INVEN_CHANGEDSLOT = 39711
S_ITEM_COLORING_BAG = 39924
S_ITEM_CUSTOM_STRING = 29970
S_JOIN_PRIVATE_CHANNEL = 48158
S_LEARN_EP_PERK = 61136
S_LEAVE_PARTY = 25398
S_LEAVE_PARTY_MEMBER = 39332
S_LEAVE_PRIVATE_CHANNEL = 29291
S_LIST_PARCEL_EX = 60489
S_LOADING_SCREEN_CONTROL_INFO = 34393
S_LOAD_ACHIEVEMENT_LIST = 25116
S_LOAD_CLIENT_ACCOUNT_SETTING = 37574
S_LOAD_CLIENT_USER_SETTING = 61694
S_LOAD_DUNGEON_SOUND_HINT = 40961
S_LOAD_EP_INFO = 47838
S_LOAD_TELEPORT_TO_POS_LIST = 27825
S_LOAD_TOPO = 54130
S_LOGIN = 36966
S_LOGIN_ACCOUNT_INFO = 63240
S_LOGOUT_PARTY_MEMBER = 64064
S_MOUNT_VEHICLE = 27321
S_MOUNT_VEHICLE_EX = 48795
S_MOVE_SHUTTLE = 43930
S_NOCTAN_VARIATION_INFO = 41729
S_NOTIFY_GUILD_QUEST_URGENT = 55053
S_NOTIFY_TO_FRIENDS_WALK_INTO_SAME_AREA = 22747
S_NPC_CHANGE_MESH = 28369
S_NPC_LOCATION = 42267
S_NPC_MENU_SELECT = 43777
S_NPC_OCCUPIER_INFO = 59935
S_NPC_STATUS = 22391
S_NPC_TARGET_USER = 38685
S_OPEN_AWESOMIUM_WEB_URL = 56636
S_OTHER_USER_APPLY_PARTY = 34734
S_PARCEL_READ_RECV_STATUS = 46087
S_PARTY_INFO = 42889
S_PARTY_MARKER = 24106
S_PARTY_MATCH_LINK = 31231
S_PARTY_MEMBER_ABNORMAL_ADD = 34117
S_PARTY_MEMBER_ABNORMAL_CLEAR = 57979
S_PARTY_MEMBER_ABNORMAL_DEL = 41984
S_PARTY_MEMBER_ABNORMAL_REFRESH = 52949
S_PARTY_MEMBER_BUFF_UPDATE = 65473
S_PARTY_MEMBER_CHANGE_HP = 22328
S_PARTY_MEMBER_CHANGE_MP = 49364
S_PARTY_MEMBER_INFO = 37965
S_PARTY_MEMBER_INTERVAL_POS_UPDATE = 59544
S_PARTY_MEMBER_LIST = 30406
S_PARTY_MEMBER_QUEST_DATA = 39511
S_PARTY_MEMBER_STAT_UPDATE = 35152
S_PCBANGINVENTORY_DATALIST = 50727
S_PLAYER_CHANGE_ALL_PROF = 38221
S_PLAYER_CHANGE_EP = 52961
S_PLAYER_CHANGE_EXP = 45315
S_PLAYER_CHANGE_FLIGHT_ENERGY = 26137
S_PLAYER_CHANGE_MP = 44579
S_PLAYER_CHANGE_PROF = 33913
S_PLAYER_CHANGE_STAMINA = 46408
S_PLAYER_RESET_EP = 41706
S_PLAYER_STAT_UPDATE = 58699
S_PLAY_ANIMATION = 41519
S_PLAY_EFFECT = 39918
S_PLAY_MOVIE = 40895
S_PLAY_SOUND = 31478
S_POINT_STORE_SELL_LIST = 36445
S_PREMIUM_SLOT_DATALIST = 40666
S_PREMIUM_SLOT_OFF = 27841
S_PREPARE_EXIT = 43981
S_PREPARE_RETURN_TO_LOBBY = 57794
S_PREVIEW_ITEM = 65333
S_PRIVATE_CHAT = 29665
S_PRODUCE_CRITICAL = 27252
S_QUEST_BALLOON = 38013
S_QUEST_INFO = 60612
S_RECV_PARCEL = 51786
S_REGISTER_ENCHANT_ITEM = 21548
S_REGISTER_EVOLUTION_ITEM = 35769
S_REJECT_CONTRACT = 43856
S_REMOVE_BLOCKED_USER = 22009
S_REMOVE_EFFECT = 35476
S_REPLY_NONDB_ITEM_INFO = 33245
S_REPLY_REQUEST_CONTRACT = 65442
S_REQUEST_CITY_WAR_MAP_INFO = 26991
S_REQUEST_CITY_WAR_MAP_INFO_DETAIL = 27888
S_REQUEST_CITY_WAR_MAP_INFO_END = 55890
S_REQUEST_CONTRACT = 36729
S_REQUEST_PRIVATE_CHANNEL_INFO = 45776
S_REQUEST_REACTION_POS_TICK = 39709
S_REQUEST_SECOND_PASSWORD_AUTH = 46630
S_REQUEST_STYLE_SHOP_MARK_PRODUCTLIST = 39185
S_RESET_EP_PERK = 46043
S_RESPONSE_GAMESTAT_PONG = 54718
S_RESULT_BIDDING_DICE_THROW = 38018
S_RESULT_ITEM_BIDDING = 47850
S_RETURN_TO_LOBBY = 21284
S_SHORTCUT_CHANGE = 27201
S_SHOW_AWESOMIUMWEB_SHOP = 29170
S_SHOW_CANDIDATE_LIST = 21023
S_SHOW_HP = 56544
S_SHOW_ITEM_TOOLTIP = 39304
S_SHOW_PARTY_MATCH_INFO = 20715
S_SHOW_PCBANG_ICON = 26040
S_SHOW_PEGASUS_MAP = 51679
S_SHOW_USER_EP_INFO = 58320
S_SKILL_ATTENTION_TARGET = 55344
S_SKILL_CATEGORY = 21876
S_SKILL_LIST = 50016
S_SOCIAL = 39014
S_SPAWN_BONFIRE = 56205
S_SPAWN_BUILD_OBJECT = 21829
S_SPAWN_COLLECTION = 23470
S_SPAWN_DOOR = 52864
S_SPAWN_DROPITEM = 26992
S_SPAWN_ME = 56055
S_SPAWN_NPC = 32527
S_SPAWN_PROJECTILE = 58472
S_SPAWN_SHUTTLE = 22913
S_SPAWN_USER = 49381
S_SPAWN_WORKOBJECT = 43638
S_START_ACTION_SCRIPT = 29421
S_START_CHANGE_USER_APPEARANCE = 27542
S_START_CLIENT_CUSTOM_SKILL = 24278
S_START_CLIMBING = 34959
S_START_COOLTIME_ITEM = 53351
S_START_COOLTIME_SKILL = 33273
S_START_INVERSE_CAPTURE = 36768
S_START_PRODUCE = 38511
S_START_USER_PROJECTILE = 39669
S_STICK_TO_USER_END = 33460
S_STICK_TO_USER_START = 36793
S_STORE_SELL_LIST = 42811
S_SUCCESS_COUNTER = 60219
S_SYSTEM_MESSAGE = 34685
S_SYSTEM_MESSAGE_LOOT_ITEM = 25815
S_SYSTEM_MESSAGE_LOOT_SPECIAL_ITEM = 58415
S_TARGET_INFO = 59003
S_TELEPORT_TO_CAMP = 54461
S_TRADE_BROKER_DEAL_INFO_UPDATE = 56994
S_TRADE_BROKER_DEAL_SUGGESTED = 31607
S_TRADE_BROKER_HISTORY_ITEM_LIST = 40304
S_TRADE_BROKER_REQUEST_DEAL_RESULT = 49771
S_TRADE_BROKER_SUGGEST_DEAL = 45202
S_TRADE_BROKER_WAITING_ITEM_LIST = 40408
S_UNICAST_FLOATING_CASTLE_INFO = 55524
S_UNICAST_FLOATING_CASTLE_NAMEPLATE = 24515
S_UNICAST_TRANSFORM_DATA = 52689
S_UNMOUNT_VEHICLE = 37397
S_UNMOUNT_VEHICLE_EX = 49889
S_UPDATE_ACHIEVEMENT_PROGRESS = 33144
S_UPDATE_FRIEND_INFO = 27696
S_UPDATE_NPCGUILD = 54287
S_USER_BLOCK_LIST = 55500
S_USER_CHANGE_NAME = 23556
S_USER_EFFECT = 21521
S_USER_EXTERNAL_CHANGE = 46392
S_USER_LEVELUP = 51850
S_USER_LOCATION = 26268
S_USER_LOCATION_IN_ACTION = 25641
S_USER_MOVETYPE = 41561
S_USER_PAPERDOLL_INFO = 50557
S_USER_SITUATION = 37592
S_USER_STATUS = 63826
S_USER_WEAPON_APPEARANCE_CHANGE = 33841
S_VIEW_PARTY_INVITE = 56341
S_VIEW_WARE_EX = 24373
S_VILLAGE_LIST_TO_TELEPORT = 39071
S_VISIT_NEW_SECTION = 47004
S_VOTE_RESET_ALL_DUNGEON = 51419
S_WEAK_POINT = 57616
S_WHISPER = 22056
