C_CHECK_VERSION = 19900
S_CHECK_VERSION = 19901
C_LOGIN_ARBITER = 25058
S_LOGIN_ARBITER = 63101
C_SET_VISIBLE_RANGE = 45774
C_HARDWARE_INFO = 49010
C_GET_USER_LIST = 47425
S_GET_USER_LIST = 37268
S_LOAD_CLIENT_ACCOUNT_SETTING = 65446
S_ACCOUNT_PACKAGE_LIST = 60247
C_CAN_CREATE_USER = 47661
S_CAN_CREATE_USER = 52137
C_CREATE_USER = 28972
S_CREATE_USER = 45639
C_SELECT_USER = 56238
S_SELECT_USER = 51282
S_LOGIN = 24998
C_START_INSTANCE_SKILL = 64868
S_UPDATE_ACHIEVEMENT_PROGRESS = 50162
S_REMAIN_PLAY_TIME = 52964
S_ACTION_END = 59059
S_ACTION_STAGE = 40583
C_VISIT_NEW_SECTION = 23741
S_LOAD_TOPO = 65180
S_MOUNT_VEHICLE = 31512
S_UNMOUNT_VEHICLE = 41138
S_SPAWN_USER = 62648
C_USE_ITEM = 22392
C_PLAYER_LOCATION = 35925
C_CHAT = 48779
S_CHAT = 59342
S_INVEN = 57157
C_DEL_ITEM = 30283
C_CANCEL_SKILL = 46655
C_NOTIFY_LOCATION_IN_ACTION = 27793
C_START_SKILL = 41587
C_PRESS_SKILL = 65483
S_DESPAWN_NPC = 53198
S_SPAWN_NPC = 50221
S_NPC_LOCATION = 58739
S_ABNORMALITY_BEGIN = 34587
S_ABNORMALITY_END = 48249
S_DESPAWN_USER = 64102
S_VISIT_NEW_SECTION = 57314
C_SHOW_INVEN = 50065
S_PLAYER_STAT_UPDATE = 27305
S_PLAYER_CHANGE_MP = 57573
S_SKILL_LIST = 23366
S_CREATURE_ROTATE = 20940
C_REIGN_INFO = 26268
S_REIGN_INFO = 58039
S_COLLECTION_PROGRESS = 38669
S_COLLECTION_PICKSTART = 42722
S_COLLECTION_PICKEND = 60189
S_DESPAWN_COLLECTION = 64580
S_SPAWN_COLLECTION = 27923
C_NPC_CONTACT = 22604
S_DIALOG = 40013
S_SPAWN_ME = 41799
C_RETURN_TO_LOBBY = 42917
S_PREPARE_RETURN_TO_LOBBY = 34087
C_REQUEST_CONTRACT = 39281
S_REPLY_REQUEST_CONTRACT = 22445
S_REQUEST_CONTRACT = 40058
C_CANCEL_CONTRACT = 44925
S_CANCEL_CONTRACT = 47220
S_SYSTEM_MESSAGE = 47859
C_EXIT = 64020
S_PREPARE_EXIT = 25809
S_NPC_MENU_SELECT = 23054
C_DIALOG_EVENT = 27120
C_DIALOG = 44710
S_DIALOG_EVENT = 49385
S_QUEST_INFO = 43881
S_EXIT = 53000
S_PLAYER_CHANGE_ALL_PROF = 55564
S_F2P_PremiumUser_Permission = 40207
S_TOGGLE_TASK_INFO_WINDOW = 34373
S_INVEN_CHANGEDSLOT = 61984
S_SYSTEM_MESSAGE_LOOT_ITEM = 57855
S_DELETE_QUEST = 25554
S_DAILY_QUEST_COMPLETE_COUNT = 51014
S_PLAYER_CHANGE_EXP = 58879
S_QUEST_BALLOON = 57074
S_QUEST_VILLAGER_INFO = 58896
C_SOCIAL = 63882
S_SOCIAL = 60538
S_USER_STATUS = 56597
S_SPAWN_BONFIRE = 49795
S_DESPAWN_BONFIRE = 53117
C_TRY_LOOT_DROPITEM = 34503
S_SPAWN_DROPITEM = 23076
S_LOOT_DROPITEM = 42993
S_DESPAWN_DROPITEM = 54903
S_USER_LEVELUP = 54635
C_SKILL_LEARN_LIST = 31457
S_SKILL_LEARN_LIST = 56440
C_SKILL_LEARN_REQUEST = 30205
S_SKILL_LEARN_RESULT = 62801
S_NPC_STATUS = 51254
S_CREATURE_LIFE = 56329
S_SHOW_DEAD_UI = 53617
C_REVIVE_NOW = 52099
S_USER_LOCATION = 47405
S_STORE_SELL_LIST = 48735
S_SHOW_PEGASUS_MAP = 45946
S_START_COOLTIME_SKILL = 52210
S_NPC_AI_EVENT = 41649
C_SET_TARGET_INFO = 49198
S_TARGET_INFO = 49059
S_CREATURE_CHANGE_HP = 56645
S_RETURN_TO_LOBBY = 62973
S_INSTANCE_ARROW = 60665
S_NPC_OCCUPIER_INFO = 36458
S_EACH_SKILL_RESULT = 60916
S_SHOW_HP = 60574
S_NPC_TARGET_USER = 49547
S_CUSTOM_STYLE_SYSTEM_MESSAGE = 48861
C_SIMPLE_TIP_REPEAT_CHECK = 34595
S_SIMPLE_TIP_REPEAT_CHECK = 39391
S_PLAY_MOVIE = 42023
C_END_MOVIE = 58800
S_USER_SITUATION = 26434
S_SYSTEM_MESSAGE_LOOT_SPECIAL_ITEM = 24219
C_INVENTORY_AUTO_SORT = 42709
C_COLLECTION_PICKSTART = 61389
S_MY_CONDITION = 63986
S_VILLAGER_BUFF_INFO = 53804
S_START_PEGASUS = 61350
S_SYNC_PEGASUS_TIME = 48630
S_END_PEGASUS = 50943
S_BATTLE_FIELD_SEASON_RANKER = 37700
S_ADMIN_HOLD_CHARACTER = 54132
S_POINT_STORE_SELL_LIST = 39936
S_TELEPORT_TO_CAMP = 28061
S_START_ACTION_SCRIPT = 26990
C_SHOW_ITEM_TOOLTIP_EX = 46516
S_SHOW_ITEM_TOOLTIP = 49382
C_WHISPER = 22409
C_MERGE_ITEM_EXECUTE = 20483
S_START_COOLTIME_ITEM = 62512
S_SPAWN_WORKOBJECT = 33883
S_DESPAWN_WORKOBJECT = 26324
C_PREPARE_WORKOBJECT = 55427
S_SET_WORKOBJECT = 33740
S_PREPARE_WORKOBJECT = 60127
S_PREPARE_DONE_WORKOBJECT = 58933
S_WORK_WORKOBJECT = 40482
S_UPDATE_QUEST = 46636
S_START_USER_PROJECTILE = 27787
S_END_USER_PROJECTILE = 35472
C_HIT_USER_PROJECTILE = 60334
S_CHAPTERHOUSE_QUEST_LIST = 49294
C_SHOW_QUEST_INFO_DIALOG = 57996
S_CUSTOMIZING_PARTS_SHAPE_ITEM_LIST = 28291
C_REGIST_CUSTOMIZING_PARTS_SHAPE_ITEM = 52464
C_UNREGIST_CUSTOMIZING_PARTS_SHAPE_ITEM = 52515
C_START_CUSTOMIZING_PARTS_SHAPE = 52950
S_END_CUSTOMIZING_PARTS_SHAPE = 61557
C_RESTORE_CUSTOMIZING_PARTS_SHAPE = 21364
S_RESTORE_CUSTOMIZING_PARTS_SHAPE = 51839
